[2m18:23:17[22m [34m[vite][39m Re-optimizing dependencies because vite config has changed
[2m18:23:18[22m [34m[content][39m Syncing content
[33m[1m18:23:18[22m [WARN] [glob-loader][39m Duplicate id "google-meu-negocio-2026-como-dominar-maps" found in C:\Users\HP\Documents\projetos pessoais\projeto alpha code\src\content\blog\google-meu-negocio-2026-como-dominar-maps.md. Later items with the same id will overwrite earlier ones.
[2m18:23:19[22m [34m[content][39m Synced content
[2m18:23:19[22m [34m[types][39m Generated [2m2.12s[22m
[2m18:23:19[22m [34m[check][39m Getting diagnostics for Astro files in C:\Users\HP\Documents\projetos pessoais\projeto alpha code...
[96mbackend/server.js[0m:[93m276[0m:[93m15[0m - [93mwarning[0m[90m ts(6133): [0m'req' is declared but its value is never read.

[7m276[0m app.get('/', (req, res) => {
[7m   [0m [93m              ~~~[0m
[96mbackend/server.js[0m:[93m1[0m:[93m1[0m - [93mwarning[0m[90m ts(80001): [0mFile is a CommonJS module; it may be converted to an ES module.

[7m1[0m require('dotenv').config();
[7m [0m [93m~~~~~~~~~~~~~~~~~[0m

[96mscripts/move-assets.js[0m:[93m2[0m:[93m1[0m - [93mwarning[0m[90m ts(6133): [0m'path' is declared but its value is never read.

[7m2[0m import path from 'path';
[7m [0m [93m~~~~~~~~~~~~~~~~~~~~~~~~[0m

[96mscripts/performance-audit.js[0m:[93m18[0m:[93m9[0m - [93mwarning[0m[90m ts(6133): [0m'originalContent' is declared but its value is never read.

[7m18[0m     let originalContent = content;
[7m  [0m [93m        ~~~~~~~~~~~~~~~[0m
[96mscripts/performance-audit.js[0m:[93m2[0m:[93m1[0m - [93mwarning[0m[90m ts(6133): [0m'path' is declared but its value is never read.

[7m2[0m import path from 'path';
[7m [0m [93m~~~~~~~~~~~~~~~~~~~~~~~~[0m

[96msrc/auth.config.ts[0m:[93m173[0m:[93m41[0m - [93mwarning[0m[90m ts(6133): [0m'profile' is declared but its value is never read.

[7m173[0m         signIn: async ({ user, account, profile }: any) => {
[7m   [0m [93m                                        ~~~~~~~[0m
[96msrc/auth.config.ts[0m:[93m21[0m:[93m44[0m - [93mwarning[0m[90m ts(6133): [0m'request' is declared but its value is never read.

[7m21[0m             authorize: async (credentials, request) => {
[7m  [0m [93m                                           ~~~~~~~[0m

[96msrc/components/PostCard.astro[0m:[93m31[0m:[93m45[0m - [93mwarning[0m[90m ts(6133): [0m'src' is declared but its value is never read.

[7m31[0m             onerror="this.onerror=null;this.src='/assets/blog/default-post.webp';"
[7m  [0m [93m                                            ~~~[0m
[96msrc/components/PostCard.astro[0m:[93m31[0m:[93m27[0m - [93mwarning[0m[90m ts(6133): [0m'onerror' is declared but its value is never read.

[7m31[0m             onerror="this.onerror=null;this.src='/assets/blog/default-post.webp';"
[7m  [0m [93m                          ~~~~~~~[0m

[96msrc/components/admin/CustomPaymentForm.jsx[0m:[93m1[0m:[93m8[0m - [93mwarning[0m[90m ts(6133): [0m'React' is declared but its value is never read.

[7m1[0m import React, { useState } from 'react';
[7m [0m [93m       ~~~~~[0m

[96msrc/components/layout/Header.astro[0m:[93m610[0m:[93m73[0m - [93mwarning[0m[90m ts(6133): [0m'src' is declared but its value is never read.

[7m610[0m                                         onerror="this.onerror=null;this.src='/assets/logo3d.svg';this.style.objectFit='contain';this.style.padding='4px';"
[7m   [0m [93m                                                                        ~~~[0m
[96msrc/components/layout/Header.astro[0m:[93m610[0m:[93m55[0m - [93mwarning[0m[90m ts(6133): [0m'onerror' is declared but its value is never read.

[7m610[0m                                         onerror="this.onerror=null;this.src='/assets/logo3d.svg';this.style.objectFit='contain';this.style.padding='4px';"
[7m   [0m [93m                                                      ~~~~~~~[0m
[96msrc/components/layout/Header.astro[0m:[93m150[0m:[93m73[0m - [93mwarning[0m[90m ts(6133): [0m'src' is declared but its value is never read.

[7m150[0m                                         onerror="this.onerror=null;this.src='/assets/logo3d.svg';this.style.objectFit='contain';this.style.padding='4px';"
[7m   [0m [93m                                                                        ~~~[0m
[96msrc/components/layout/Header.astro[0m:[93m150[0m:[93m55[0m - [93mwarning[0m[90m ts(6133): [0m'onerror' is declared but its value is never read.

[7m150[0m                                         onerror="this.onerror=null;this.src='/assets/logo3d.svg';this.style.objectFit='contain';this.style.padding='4px';"
[7m   [0m [93m                                                      ~~~~~~~[0m

[96msrc/components/react/OrderForm.jsx[0m:[93m95[0m:[93m30[0m - [93mwarning[0m[90m ts(6133): [0m'setInspirationLinks' is declared but its value is never read.

[7m95[0m     const [inspirationLinks, setInspirationLinks] = useState(['']);
[7m  [0m [93m                             ~~~~~~~~~~~~~~~~~~~[0m
[96msrc/components/react/OrderForm.jsx[0m:[93m94[0m:[93m28[0m - [93mwarning[0m[90m ts(6133): [0m'setHasInspiration' is declared but its value is never read.

[7m94[0m     const [hasInspiration, setHasInspiration] = useState(null);
[7m  [0m [93m                           ~~~~~~~~~~~~~~~~~[0m
[96msrc/components/react/OrderForm.jsx[0m:[93m1[0m:[93m8[0m - [93mwarning[0m[90m ts(6133): [0m'React' is declared but its value is never read.

[7m1[0m import React, { useState, useEffect } from 'react';
[7m [0m [93m       ~~~~~[0m

[96msrc/components/react/PortfolioGrid.tsx[0m:[93m1[0m:[93m8[0m - [93mwarning[0m[90m ts(6133): [0m'React' is declared but its value is never read.

[7m1[0m import React, { useState } from 'react';
[7m [0m [93m       ~~~~~[0m

[96msrc/components/sections/Faq.astro[0m:[93m87[0m:[93m13[0m - [93mwarning[0m[90m astro(4000): [0mThis script will be treated as if it has the `is:inline` directive because it contains an attribute. Therefore, features that require processing (e.g. using TypeScript or npm packages in the script) are unavailable.

See docs for more details: https://docs.astro.build/en/guides/client-side-scripts/#script-processing.

Add the `is:inline` directive explicitly to silence this hint.

[7m87[0m     <script type="application/ld+json" set:html={JSON.stringify(jsonLd)} />
[7m  [0m [93m            ~~~~[0m

[96msrc/components/sections/Features.astro[0m:[93m3[0m:[93m1[0m - [93mwarning[0m[90m ts(6133): [0m'Card' is declared but its value is never read.

[7m3[0m import Card from "../ui/Card.astro";
[7m [0m [93m~~~~~~~~~~~~~~~~~~~~~~~~~~~~~~~~~~~~[0m

[96msrc/components/sections/Hero.astro[0m:[93m18[0m:[93m5[0m - [93mwarning[0m[90m ts(6133): [0m'ctaText' is declared but its value is never read.

[7m18[0m     ctaText = "QUERO MAIS CLIENTES",
[7m  [0m [93m    ~~~~~~~[0m

[96msrc/components/sections/PartnerTestimonials.astro[0m:[93m2[0m:[93m1[0m - [93mwarning[0m[90m ts(6133): [0m'Card' is declared but its value is never read.

[7m2[0m import Card from "../ui/Card.astro";
[7m [0m [93m~~~~~~~~~~~~~~~~~~~~~~~~~~~~~~~~~~~~[0m

[96msrc/components/sections/Portfolio.astro[0m:[93m4[0m:[93m1[0m - [93mwarning[0m[90m ts(6133): [0m'Card' is declared but its value is never read.

[7m4[0m import Card from "../ui/Card.astro";
[7m [0m [93m~~~~~~~~~~~~~~~~~~~~~~~~~~~~~~~~~~~~[0m

[96msrc/components/sections/Process.astro[0m:[93m3[0m:[93m1[0m - [93mwarning[0m[90m ts(6133): [0m'Card' is declared but its value is never read.

[7m3[0m import Card from "../ui/Card.astro";
[7m [0m [93m~~~~~~~~~~~~~~~~~~~~~~~~~~~~~~~~~~~~[0m

[96msrc/components/sections/Projects.astro[0m:[93m26[0m:[93m49[0m - [93mwarning[0m[90m ts(6133): [0m'index' is declared but its value is never read.

[7m26[0m                 displayedProjects.map((project, index) => (
[7m  [0m [93m                                                ~~~~~[0m

[96msrc/components/sections/RecentPosts.astro[0m:[93m2[0m:[93m30[0m - [93mwarning[0m[90m ts(6133): [0m'CollectionEntry' is declared but its value is never read.

[7m2[0m import { getCollection, type CollectionEntry } from "astro:content";
[7m [0m [93m                             ~~~~~~~~~~~~~~~[0m

[96msrc/components/sections/SolarLandingTemplate.astro[0m:[93m21[0m:[93m7[0m - [93mwarning[0m[90m ts(6133): [0m'uf' is declared but its value is never read.

[7m21[0m const uf = cidade && ufMap[cidade] ? ufMap[cidade] : "";
[7m  [0m [93m      ~~[0m

[96msrc/components/sections/Testimonials.astro[0m:[93m3[0m:[93m1[0m - [93mwarning[0m[90m ts(6133): [0m'Card' is declared but its value is never read.

[7m3[0m import Card from "../ui/Card.astro";
[7m [0m [93m~~~~~~~~~~~~~~~~~~~~~~~~~~~~~~~~~~~~[0m

[96msrc/components/ui/ChartParticles.jsx[0m:[93m1[0m:[93m8[0m - [93mwarning[0m[90m ts(6133): [0m'React' is declared but its value is never read.

[7m1[0m import React, { useEffect, useRef } from "react";
[7m [0m [93m       ~~~~~[0m

[96msrc/components/ui/FaqAccordion.astro[0m:[93m14[0m:[93m30[0m - [93mwarning[0m[90m ts(6133): [0m'index' is declared but its value is never read.

[7m14[0m         niche.faq.map((item, index) => (
[7m  [0m [93m                             ~~~~~[0m

[96msrc/components/ui/LeadMagnet.astro[0m:[93m73[0m:[93m19[0m - [93mwarning[0m[90m ts(6133): [0m'email' is declared but its value is never read.

[7m73[0m             const email = (
[7m  [0m [93m                  ~~~~~[0m

[96msrc/components/ui/ThreeBackground.jsx[0m:[93m1[0m:[93m8[0m - [93mwarning[0m[90m ts(6133): [0m'React' is declared but its value is never read.

[7m1[0m import React, { useEffect, useRef } from "react";
[7m [0m [93m       ~~~~~[0m

[96msrc/layouts/BaseLayout.astro[0m:[93m296[0m:[93m10[0m - [93mwarning[0m[90m ts(6385): [0m'ViewTransitions' is deprecated.

[7m296[0m         <ViewTransitions />
[7m   [0m [93m         ~~~~~~~~~~~~~~~[0m
[96msrc/layouts/BaseLayout.astro[0m:[93m9[0m:[93m10[0m - [93mwarning[0m[90m ts(6385): [0m'ViewTransitions' is deprecated.

[7m9[0m import { ViewTransitions } from "astro:transitions";
[7m [0m [93m         ~~~~~~~~~~~~~~~[0m
[96msrc/layouts/BaseLayout.astro[0m:[93m207[0m:[93m26[0m - [93mwarning[0m[90m ts(6133): [0m'media' is declared but its value is never read.

[7m207[0m             onload="this.media='all'"
[7m   [0m [93m                         ~~~~~[0m

[96msrc/layouts/BlogLayout.astro[0m:[93m25[0m:[93m1[0m - [93mwarning[0m[90m ts(6133): [0m'path' is declared but its value is never read.

[7m25[0m import path from "node:path";
[7m  [0m [93m~~~~~~~~~~~~~~~~~~~~~~~~~~~~~[0m
[96msrc/layouts/BlogLayout.astro[0m:[93m24[0m:[93m1[0m - [93mwarning[0m[90m ts(6133): [0m'fs' is declared but its value is never read.

[7m24[0m import fs from "node:fs";
[7m  [0m [93m~~~~~~~~~~~~~~~~~~~~~~~~~[0m
[96msrc/layouts/BlogLayout.astro[0m:[93m8[0m:[93m1[0m - [93mwarning[0m[90m ts(6133): [0m'BlogHeader' is declared but its value is never read.

[7m8[0m import BlogHeader from "../components/blog/BlogHeader.astro";
[7m [0m [93m~~~~~~~~~~~~~~~~~~~~~~~~~~~~~~~~~~~~~~~~~~~~~~~~~~~~~~~~~~~~~[0m
[96msrc/layouts/BlogLayout.astro[0m:[93m109[0m:[93m9[0m - [93mwarning[0m[90m astro(4000): [0mThis script will be treated as if it has the `is:inline` directive because it contains an attribute. Therefore, features that require processing (e.g. using TypeScript or npm packages in the script) are unavailable.

See docs for more details: https://docs.astro.build/en/guides/client-side-scripts/#script-processing.

Add the `is:inline` directive explicitly to silence this hint.

[7m109[0m         type="application/ld+json"
[7m   [0m [93m        ~~~~[0m

[96msrc/layouts/LocalCityLayout.astro[0m:[93m26[0m:[93m5[0m - [93mwarning[0m[90m ts(6133): [0m'description' is declared but its value is never read.

[7m26[0m     description = "",
[7m  [0m [93m    ~~~~~~~~~~~[0m

[96msrc/lib/security.ts[0m:[93m2[0m:[93m1[0m - [93mwarning[0m[90m ts(6133): [0m'Session' is declared but its value is never read.

[7m2[0m import type { Session } from "@auth/core/types";
[7m [0m [93m~~~~~~~~~~~~~~~~~~~~~~~~~~~~~~~~~~~~~~~~~~~~~~~~[0m

[96msrc/pages/dashboard.astro[0m:[93m118[0m:[93m7[0m - [93mwarning[0m[90m ts(6133): [0m'totalRevenue' is declared but its value is never read.

[7m118[0m const totalRevenue = financialRecords.reduce(
[7m   [0m [93m      ~~~~~~~~~~~~[0m
[96msrc/pages/dashboard.astro[0m:[93m4064[0m:[93m34[0m - [93mwarning[0m[90m ts(6387): [0mThe signature '(commandId: string, showUI?: boolean | undefined, value?: string | undefined): boolean' of 'document.execCommand' is deprecated.

[7m4064[0m                         document.execCommand("Copy");
[7m    [0m [93m                                 ~~~~~~~~~~~[0m
[96msrc/pages/dashboard.astro[0m:[93m182[0m:[93m73[0m - [93mwarning[0m[90m ts(6133): [0m'src' is declared but its value is never read.

[7m182[0m                                         onerror="this.onerror=null;this.src='/assets/logo3d.svg';this.style.objectFit='contain';this.style.padding='4px';"
[7m   [0m [93m                                                                        ~~~[0m
[96msrc/pages/dashboard.astro[0m:[93m182[0m:[93m55[0m - [93mwarning[0m[90m ts(6133): [0m'onerror' is declared but its value is never read.

[7m182[0m                                         onerror="this.onerror=null;this.src='/assets/logo3d.svg';this.style.objectFit='contain';this.style.padding='4px';"
[7m   [0m [93m                                                      ~~~~~~~[0m
[96msrc/pages/dashboard.astro[0m:[93m1772[0m:[93m27[0m - [93mwarning[0m[90m ts(6133): [0m'originalText' is declared but its value is never read.

[7m1772[0m                     const originalText = logoutBtn.innerHTML;
[7m    [0m [93m                          ~~~~~~~~~~~~[0m

[96msrc/pages/login.astro[0m:[93m252[0m:[93m23[0m - [93mwarning[0m[90m ts(6133): [0m'originalText' is declared but its value is never read.

[7m252[0m                 const originalText = submitBtn.textContent || "";
[7m   [0m [93m                      ~~~~~~~~~~~~[0m

[96msrc/pages/loja.astro[0m:[93m5[0m:[93m1[0m - [93mwarning[0m[90m ts(6133): [0m'prisma' is declared but its value is never read.

[7m5[0m import { prisma } from "../lib/prisma";
[7m [0m [93m~~~~~~~~~~~~~~~~~~~~~~~~~~~~~~~~~~~~~~~[0m

[96msrc/pages/obrigado.astro[0m:[93m10[0m:[93m7[0m - [93mwarning[0m[90m ts(6133): [0m'seo' is declared but its value is never read.

[7m10[0m const seo = createSEOMeta({
[7m  [0m [93m      ~~~[0m

[96msrc/pages/oferta-exclusiva.astro[0m:[93m8[0m:[93m7[0m - [93mwarning[0m[90m ts(6133): [0m'keywords' is declared but its value is never read.

[7m8[0m const keywords = ["site premium", "alpha code", "oferta exclusiva", "cria├º├úo de sites luxo", "plano prata"];
[7m [0m [93m      ~~~~~~~~[0m
[96msrc/pages/oferta-exclusiva.astro[0m:[93m3[0m:[93m1[0m - [93mwarning[0m[90m ts(6133): [0m'Button' is declared but its value is never read.

[7m3[0m import Button from "../components/ui/Button.astro";
[7m [0m [93m~~~~~~~~~~~~~~~~~~~~~~~~~~~~~~~~~~~~~~~~~~~~~~~~~~~[0m

[96msrc/pages/parceiro-alpha.astro[0m:[93m52[0m:[93m9[0m - [93mwarning[0m[90m astro(4000): [0mThis script will be treated as if it has the `is:inline` directive because it contains an attribute. Therefore, features that require processing (e.g. using TypeScript or npm packages in the script) are unavailable.

See docs for more details: https://docs.astro.build/en/guides/client-side-scripts/#script-processing.

Add the `is:inline` directive explicitly to silence this hint.

[7m52[0m         type="application/ld+json"
[7m  [0m [93m        ~~~~[0m

[96msrc/pages/pedido.astro[0m:[93m14[0m:[93m7[0m - [93mwarning[0m[90m ts(6133): [0m'isMaintenance' is declared but its value is never read.

[7m14[0m const isMaintenance = planParam === "manutencao";
[7m  [0m [93m      ~~~~~~~~~~~~~[0m

[96msrc/pages/perfil.astro[0m:[93m348[0m:[93m23[0m - [93mwarning[0m[90m ts(6133): [0m'data' is declared but its value is never read.

[7m348[0m                 const data = await res.json();
[7m   [0m [93m                      ~~~~[0m

[96msrc/pages/sistemas-personalizados.astro[0m:[93m1126[0m:[93m49[0m - [93mwarning[0m[90m ts(6133): [0m'e' is declared but its value is never read.

[7m1126[0m         radioOutro?.addEventListener("change", (e) => {
[7m    [0m [93m                                                ~[0m

[96msrc/pages/sites-por-assinatura.astro[0m:[93m7[0m:[93m7[0m - [93mwarning[0m[90m ts(6133): [0m'isLoggedIn' is declared but its value is never read.

[7m7[0m const isLoggedIn = !!session;
[7m [0m [93m      ~~~~~~~~~~[0m
[96msrc/pages/sites-por-assinatura.astro[0m:[93m22[0m:[93m13[0m - [93mwarning[0m[90m astro(4000): [0mThis script will be treated as if it has the `is:inline` directive because it contains an attribute. Therefore, features that require processing (e.g. using TypeScript or npm packages in the script) are unavailable.

See docs for more details: https://docs.astro.build/en/guides/client-side-scripts/#script-processing.

Add the `is:inline` directive explicitly to silence this hint.

[7m22[0m     <script type="application/ld+json" slot="head">
[7m  [0m [93m            ~~~~[0m

[96msrc/pages/upgrade.astro[0m:[93m18[0m:[93m7[0m - [93mwarning[0m[90m ts(6133): [0m'isBronze' is declared but its value is never read.

[7m18[0m const isBronze = currentPlan === "BRONZE";
[7m  [0m [93m      ~~~~~~~~[0m
[96msrc/pages/upgrade.astro[0m:[93m332[0m:[93m18[0m - [93mwarning[0m[90m ts(6133): [0m'startCelebration' is declared but its value is never read.

[7m332[0m         function startCelebration(plan: string) {
[7m   [0m [93m                 ~~~~~~~~~~~~~~~~[0m
[96msrc/pages/upgrade.astro[0m:[93m307[0m:[93m23[0m - [93mwarning[0m[90m ts(6133): [0m'modalDiscount' is declared but its value is never read.

[7m307[0m                 const modalDiscount = document.getElementById("modal-discount");
[7m   [0m [93m                      ~~~~~~~~~~~~~[0m

[96msrc/pages/admin/contracts/index.astro[0m:[93m187[0m:[93m11[0m - [93mwarning[0m[90m ts(6133): [0m'generateBtn' is declared but its value is never read.

[7m187[0m     const generateBtn = document.getElementById('generate-btn');
[7m   [0m [93m          ~~~~~~~~~~~[0m

[96msrc/pages/atendimento/[nicho]/[bairro]/[cidade].astro[0m:[93m5[0m:[93m5[0m - [93mwarning[0m[90m ts(6133): [0m'getAllNeighborhoods' is declared but its value is never read.

[7m5[0m     getAllNeighborhoods,
[7m [0m [93m    ~~~~~~~~~~~~~~~~~~~[0m

[96msrc/pages/solucoes/[slug].astro[0m:[93m12[0m:[93m1[0m - [93mwarning[0m[90m ts(6133): [0m'FAQ' is declared but its value is never read.

[7m12[0m import FAQ from "../../components/sections/Faq.astro";
[7m  [0m [93m~~~~~~~~~~~~~~~~~~~~~~~~~~~~~~~~~~~~~~~~~~~~~~~~~~~~~~[0m

[96msrc/pages/solucoes/advogados.astro[0m:[93m7[0m:[93m7[0m - [93mwarning[0m[90m ts(6133): [0m'slug' is declared but its value is never read.

[7m7[0m const slug = "advogados";
[7m [0m [93m      ~~~~[0m

[96msrc/pages/solucoes/afiliados.astro[0m:[93m7[0m:[93m7[0m - [93mwarning[0m[90m ts(6133): [0m'slug' is declared but its value is never read.

[7m7[0m const slug = "afiliados";
[7m [0m [93m      ~~~~[0m

[96msrc/pages/solucoes/arquitetos.astro[0m:[93m7[0m:[93m7[0m - [93mwarning[0m[90m ts(6133): [0m'slug' is declared but its value is never read.

[7m7[0m const slug = "arquitetos";
[7m [0m [93m      ~~~~[0m

[96msrc/pages/solucoes/clinica-premium.astro[0m:[93m190[0m:[93m17[0m - [93mwarning[0m[90m astro(4000): [0mThis script will be treated as if it has the `is:inline` directive because it contains an attribute. Therefore, features that require processing (e.g. using TypeScript or npm packages in the script) are unavailable.

See docs for more details: https://docs.astro.build/en/guides/client-side-scripts/#script-processing.

Add the `is:inline` directive explicitly to silence this hint.

[7m190[0m         <script type="application/ld+json">
[7m   [0m [93m                ~~~~[0m

[96msrc/pages/solucoes/contadores.astro[0m:[93m7[0m:[93m7[0m - [93mwarning[0m[90m ts(6133): [0m'slug' is declared but its value is never read.

[7m7[0m const slug = "contadores";
[7m [0m [93m      ~~~~[0m

[96msrc/pages/solucoes/dentistas.astro[0m:[93m7[0m:[93m7[0m - [93mwarning[0m[90m ts(6133): [0m'slug' is declared but its value is never read.

[7m7[0m const slug = "dentistas";
[7m [0m [93m      ~~~~[0m

[96msrc/pages/solucoes/energia-solar.astro[0m:[93m6[0m:[93m1[0m - [93mwarning[0m[90m ts(6133): [0m'abstractBg' is declared but its value is never read.

[7m6[0m import abstractBg from '../../assets/abstract-solar-bg.png';
[7m [0m [93m~~~~~~~~~~~~~~~~~~~~~~~~~~~~~~~~~~~~~~~~~~~~~~~~~~~~~~~~~~~~[0m
[96msrc/pages/solucoes/energia-solar.astro[0m:[93m37[0m:[93m13[0m - [93mwarning[0m[90m astro(4000): [0mThis script will be treated as if it has the `is:inline` directive because it contains an attribute. Therefore, features that require processing (e.g. using TypeScript or npm packages in the script) are unavailable.

See docs for more details: https://docs.astro.build/en/guides/client-side-scripts/#script-processing.

Add the `is:inline` directive explicitly to silence this hint.

[7m37[0m     <script type="application/ld+json" slot="head">
[7m  [0m [93m            ~~~~[0m

[96msrc/pages/solucoes/medicos.astro[0m:[93m7[0m:[93m7[0m - [93mwarning[0m[90m ts(6133): [0m'slug' is declared but its value is never read.

[7m7[0m const slug = "medicos";
[7m [0m [93m      ~~~~[0m

[96msrc/pages/solucoes/psicologos.astro[0m:[93m7[0m:[93m7[0m - [93mwarning[0m[90m ts(6133): [0m'slug' is declared but its value is never read.

[7m7[0m const slug = "psicologos";
[7m [0m [93m      ~~~~[0m

Result (206 files): 
- 0 errors
- 0 warnings
- 73 hints

